[backblue.gif]
[fade.gif]
[index.html]
[js.hs-scripts.com/43855380.js]
[mega.io/wp-content/uploads/2023/02/Preview-logo.png]
[mega.io/wp-content/themes/megapages/megalib/css/fontsa79f.css]
[mega.io/wp-content/themes/megapages/megalib/css/themea79f.css]
[mega.io/wp-content/themes/megapages/megalib/css/iconsa79f.css]
[mega.io/wp-content/themes/megapages/megalib/css/buttonsa79f.css]
[mega.io/wp-content/themes/megapages/megalib/css/commona79f.css]
[mega.io/wp-content/themes/megapages/blocks/animated-hero/blockde6b.css]
[mega.io/wp-content/themes/megapages/assets/css/commonde6b.css]
[mega.io/wp-content/themes/megapages/blocks/simple-card/blockde6b.css]
[mega.io/wp-content/themes/megapages/blocks/ft-simple-card-column/blockde6b.css]
[mega.io/wp-content/themes/megapages/blocks/single-slice/blockde6b.css]
[mega.io/wp-content/themes/megapages/blocks/feature-alternating/blockde6b.css]
[mega.io/wp-content/themes/megapages/blocks/pricing-page/competitor-matrix/card/blockde6b.css]
[mega.io/wp-content/themes/megapages/blocks/pricing-page/competitor-matrix/core-block/blockde6b.css]
[mega.io/wp-content/themes/megapages/blocks/ft-alternating-coming-soon/blockde6b.css]
[mega.io/wp-includes/blocks/columns/style.min1eb7.css]
[mega.io/wp-content/themes/megapages/blocks/full-width-banner/blockde6b.css]
[mega.io/wp-includes/blocks/spacer/style.min1eb7.css]
[mega.io/wp-content/themes/megapages/blocks/home-social-proof/blockde6b.css]
[mega.io/wp-content/themes/megapages/megalib/css/wpa79f.css]
[mega.io/wp-content/themes/megapages/megalib/css/templates/headera79f.css]
[mega.io/wp-content/themes/megapages/megalib/css/templates/footera79f.css]
[mega.io/wp-content/themes/megapages/megalib/css/dialogsa79f.css]
[mega.io/wp-content/themes/megapages/megalib/css/blocksa79f.css]
[mega.io/wp-includes/css/dist/block-library/common.min1eb7.css]
[mega.io/wp-content/themes/megapages/assets/css/dialogsde6b.css]
[mega.io/wp-includes/js/dist/vendor/lodash.minf492.js]
[mega.io/wp-includes/js/dist/vendor/regenerator-runtime.min3937.js]
[mega.io/wp-includes/js/dist/vendor/wp-polyfill.min2c7c.js]
[mega.io/wp-includes/js/dist/vendor/react.minbc7c.js]
[mega.io/wp-includes/js/dist/vendor/react-dom.minbc7c.js]
[mega.io/wp-includes/js/dist/escape-html.min7a51.js]
[mega.io/wp-includes/js/dist/element.min6838.js]
[mega.io/wp-content/themes/megapages/megalib/js/admin/block-componentsa79f.js]
[mega.io/wp-content/themes/megapages/blocks/horizontal-tabs-table/viewde6b.js]
[mega.io/wp-content/themes/megapages/blocks/pricing-page/plan-price-calculator/viewde6b.js]
[mega.io/wp-content/themes/megapages/blocks/pricing-page/pro-flexi-business-pricing/viewde6b.js]
[mega.io/wp-content/themes/megapages/blocks/leadership-team-list/viewde6b.js]
[mega.io/wp-content/themes/megapages/blocks/business-page-pricing/viewde6b.js]
[mega.io/wp-content/themes/megapages/blocks/refer-calculator/viewde6b.js]
[mega.io/wp-includes/js/jquery/jquery.minaf6c.js]
[mega.io/wp-includes/js/jquery/jquery-migrate.mind617.js]
[mega.io/wp-content/themes/megapages/megalib/js/megaliba79f.js]
[mega.io/wp-content/themes/megapages/megalib/js/megalib-componentsa79f.js]
[mega.io/wp-content/themes/megapages/blocks/tab-structure/viewde6b.js]
[mega.io/wp-content/themes/megapages/blocks/package-downloads/viewde6b.js]
[mega.io/wp-content/themes/megapages/blocks/animated-hero/viewde6b.js]
[mega.io/wp-content/themes/megapages/blocks/single-slice/viewde6b.js]
[mega.io/wp-content/themes/megapages/blocks/ft-alternating-block-a/viewde6b.js]
[mega.io/wp-content/themes/megapages/blocks/feature-alternating/viewde6b.js]
[mega.io/wp-content/themes/megapages/blocks/pricing-page/competitor-matrix/card/viewde6b.js]
[mega.io/wp-content/themes/megapages/blocks/ft-alternating-coming-soon/viewde6b.js]
[mega.io/wp-content/themes/megapages/blocks/full-width-banner/viewde6b.js]
[mega.io/wp-content/themes/megapages/blocks/home-social-proof/viewde6b.js]
[mega.io/wp-content/themes/megapages/megalib/js/form-componentsa79f.js]
[mega.io/wp-content/themes/megapages/megalib/js/analyticsa79f.js]
[mega.io/wp-content/themes/megapages/megalib/js/marketinga79f.js]
[mega.io/wp-content/themes/megapages/assets/js/megapagesde6b.js]
[mega.io/wp-json/wp/v2/pages/115]
[mega.io/xmlrpc0db0.php]
[mega.io/wp-json/index.html]
[mega.io/wp-includes/wlwmanifest.xml]
[mega.io/wp-json/oembed/1.0/embed4d53]
[mega.io/wp-json/oembed/1.0/embed6f92]
[mega.io/ar.html]
[mega.io/zh-hans.html]
[mega.io/zh-hant.html]
[mega.io/nl.html]
[mega.io/fr.html]
[mega.io/de.html]
[mega.io/id.html]
[mega.io/it.html]
[mega.io/ja.html]
[mega.io/ko.html]
[mega.io/pl.html]
[mega.io/pt-br.html]
[mega.io/ro.html]
[mega.io/ru.html]
[mega.io/es.html]
[mega.io/th.html]
[mega.io/vi.html]
[mega.io/wp-content/uploads/2023/01/m-logo.png]
[mega.io/business.html]
[mega.io/pricing.html]
[mega.io/storage.html]
[mega.io/chatandmeetings.html]
[mega.io/syncing.html]
[mega.io/megabackup.html]
[mega.io/share.html]
[mega.io/media-files.html]
[mega.io/objectstorage.html]
[mega.io/vpn.html]
[mega.io/individuals.html]
[mega.io/freelancers.html]
[mega.io/small-business.html]
[mega.io/contact.html]
[mega.io/bug-bounty.html]
[mega.io/wp-content/uploads/2023/01/Icon-3D-cloud.png]
[mega.io/wp-content/uploads/2023/01/Icon-3D-chat.png]
[mega.io/wp-content/uploads/2023/01/Icon-3D-call.png]
[mega.io/security.html]
[mega.io/wp-content/uploads/20221223_Mega_Main_1-encryption-padlock-1-1.qt]
[mega.io/wp-content/uploads/20221223_Mega_Main_1-encryption-padlock-1.webm]
[mega.io/wp-content/uploads/20221223_Mega_Main_2-big-files-1-1.qt]
[mega.io/wp-content/uploads/20221223_Mega_Main_2-big-files-1.webm]
[mega.io/wp-content/uploads/20221223_Mega_Main_3-files-sharing-1-1.qt]
[mega.io/wp-content/uploads/20221223_Mega_Main_3-files-sharing-1.webm]
[mega.io/about.html]
[mega.io/wp-content/uploads/20221223_Mega_Main_4-safebox-1-1.qt]
[mega.io/wp-content/uploads/20221223_Mega_Main_4-safebox-1.webm]
[mega.io/wp-content/uploads/20221223_Mega_Main_5-devices-1-1.qt]
[mega.io/wp-content/uploads/20221223_Mega_Main_5-devices-1.webm]
[mega.io/wp-content/uploads/vpn-featured-promo_2840x2148.png]
[mega.io/wp-content/uploads/2023/03/20230215_Mega_icons_upd_00003.png]
[mega.io/wp-content/uploads/2023/03/20230221_Mega_icons_00025-1.png]
[mega.io/wp-content/uploads/2023/03/20230215_Mega_icons_upd_00017.png]
[mega.io/mobile.html]
[mega.io/desktop.html]
[mega.io/extensions.html]
[mega.io/cmd.html]
[mega.io/nas.html]
[mega.io/achievements.html]
[mega.io/refer.html]
[mega.io/reliability.html]
[mega.io/developers.html]
[mega.io/resellers.html]
[mega.io/media.html]
[mega.io/terms.html]
[mega.io/vpn-terms.html]
[mega.io/privacy.html]
[mega.io/copyright.html]
[mega.io/takedown.html]
[mega.io/transparency.html]
[mega.io/mega-io-cookie.html]
[mega.io/index.html]
[mega.io/wp-content/themes/megapages/megalib/css/fontsa79f.css]
[mega.io/wp-content/themes/megapages/megalib/css/themea79f.css]
[mega.io/wp-content/themes/megapages/megalib/css/iconsa79f.css]
[mega.io/wp-content/themes/megapages/megalib/css/buttonsa79f.css]
[mega.io/wp-content/themes/megapages/megalib/css/commona79f.css]
[mega.io/wp-content/themes/megapages/blocks/animated-hero/blockde6b.css]
[mega.io/wp-content/themes/megapages/assets/css/commonde6b.css]
[mega.io/wp-content/themes/megapages/blocks/simple-card/blockde6b.css]
[mega.io/wp-content/themes/megapages/blocks/ft-simple-card-column/blockde6b.css]
[mega.io/wp-content/themes/megapages/blocks/single-slice/blockde6b.css]
[mega.io/wp-content/themes/megapages/blocks/feature-alternating/blockde6b.css]
[mega.io/wp-content/themes/megapages/blocks/pricing-page/competitor-matrix/card/blockde6b.css]
[mega.io/wp-content/themes/megapages/blocks/pricing-page/competitor-matrix/core-block/blockde6b.css]
[mega.io/wp-content/themes/megapages/blocks/ft-alternating-coming-soon/blockde6b.css]
[mega.io/wp-includes/blocks/columns/style.min1eb7.css]
[mega.io/wp-content/themes/megapages/blocks/full-width-banner/blockde6b.css]
[mega.io/wp-includes/blocks/spacer/style.min1eb7.css]
[mega.io/wp-content/themes/megapages/blocks/home-social-proof/blockde6b.css]
[mega.io/wp-content/themes/megapages/megalib/css/wpa79f.css]
[mega.io/wp-content/themes/megapages/megalib/css/templates/headera79f.css]
[mega.io/wp-content/themes/megapages/megalib/css/templates/footera79f.css]
[mega.io/wp-content/themes/megapages/megalib/css/dialogsa79f.css]
[mega.io/wp-content/themes/megapages/megalib/css/blocksa79f.css]
[mega.io/wp-includes/css/dist/block-library/common.min1eb7.css]
[mega.io/wp-content/themes/megapages/assets/css/dialogsde6b.css]
[mega.io/wp-json/index.html]
[mega.io/wp-json/wp/v2/pages/115.html]
[mega.io/xmlrpc0db0.html]
[mega.io/wp-json/oembed/1.0/embed4d53.html]
[mega.io/wp-json/oembed/1.0/embed6f92.html]
[mega.io/ar.html]
[mega.io/zh-hans.html]
[mega.io/zh-hant.html]
[mega.io/nl.html]
[mega.io/fr.html]
[mega.io/de.html]
[mega.io/id.html]
[mega.io/it.html]
[mega.io/ja.html]
[mega.io/ko.html]
[mega.io/pl.html]
[mega.io/pt-br.html]
[mega.io/ro.html]
[mega.io/ru.html]
[mega.io/es.html]
[mega.io/th.html]
[mega.io/vi.html]
[mega.io/wp-content/themes/megapages/megalib/images/megaicon.svg]
[mega.io/business.html]
[mega.io/pricing.html]
[mega.io/storage.html]
[mega.io/chatandmeetings.html]
[mega.io/syncing.html]
[mega.io/megabackup.html]
[mega.io/share.html]
[mega.io/media-files.html]
[mega.io/objectstorage.html]
[mega.io/vpn.html]
[mega.io/individuals.html]
[mega.io/freelancers.html]
[mega.io/small-business.html]
[mega.io/contact.html]
[mega.io/bug-bounty.html]
[mega.io/security.html]
[mega.io/about.html]
[mega.io/wp-content/themes/megapages/megalib/images/dropbox-icon.svg]
[mega.io/wp-content/themes/megapages/megalib/images/googledrive-icon.svg]
[mega.io/mobile.html]
[mega.io/desktop.html]
[mega.io/extensions.html]
[mega.io/cmd.html]
[mega.io/nas.html]
[mega.io/achievements.html]
[mega.io/refer.html]
[mega.io/reliability.html]
[mega.io/developers.html]
[mega.io/resellers.html]
[mega.io/media.html]
[mega.io/terms.html]
[mega.io/vpn-terms.html]
[mega.io/privacy.html]
[mega.io/copyright.html]
[mega.io/takedown.html]
[mega.io/transparency.html]
[mega.io/mega-io-cookie.html]
[mega.io/dispute.html]
[mega.io/dispute.html]
